// Jest Snapshot v1, https://goo.gl/fbAQLP

exports[`Checkout should apply discount correctly for scanned items 1`] = `"219.00"`;

exports[`Checkout should calculate total with scanned items 1`] = `"659.49"`;
